<?xml version="1.0" encoding="utf-8"?><testsuites name="pytest tests"><testsuite name="pytest" errors="0" failures="0" skipped="0" tests="31" time="4.091" timestamp="2026-10-01T16:00:51.022465+05:30" hostname="DESKTOP-S2S5EG5"><testcase classname="backend.tests.test_health" name="test_health" time="0.081" /><testcase classname="backend.tests.test_health" name="test_model_info" time="0.045" /><testcase classname="backend.tests.test_health" name="test_openapi" time="0.099" /><testcase classname="backend.tests.test_model_loading" name="test_one_load_no_training_or_refit" time="0.142" /><testcase classname="backend.tests.test_model_loading" name="test_loading_failure[missing]" time="0.034" /><testcase classname="backend.tests.test_model_loading" name="test_loading_failure[corrupt]" time="0.029" /><testcase classname="backend.tests.test_model_loading" name="test_inference_error_is_sanitized" time="0.041" /><testcase classname="backend.tests.test_model_loading" name="test_all_protected_files_unchanged" time="0.048" /><testcase classname="backend.tests.test_prediction" name="test_recorded_predictions_and_explanations" time="2.150" /><testcase classname="backend.tests.test_prediction" name="test_determinism_and_order" time="0.124" /><testcase classname="backend.tests.test_prediction" name="test_explicit_missing" time="0.068" /><testcase classname="backend.tests.test_prediction" name="test_invalid_values[age-54]" time="0.045" /><testcase classname="backend.tests.test_prediction" name="test_invalid_values[age-True]" time="0.042" /><testcase classname="backend.tests.test_prediction" name="test_invalid_values[age--1]" time="0.038" /><testcase classname="backend.tests.test_prediction" name="test_invalid_values[age-78]" time="0.043" /><testcase classname="backend.tests.test_prediction" name="test_invalid_values[chol-None]" time="0.042" /><testcase classname="backend.tests.test_prediction" name="test_invalid_values[cp-4]" time="0.040" /><testcase classname="backend.tests.test_prediction" name="test_invalid_values[ca-5]" time="0.041" /><testcase classname="backend.tests.test_prediction" name="test_invalid_values[ca--1]" time="0.040" /><testcase classname="backend.tests.test_prediction" name="test_invalid_values[thal-4]" time="0.038" /><testcase classname="backend.tests.test_prediction" name="test_invalid_values[sex-True]" time="0.037" /><testcase classname="backend.tests.test_prediction" name="test_invalid_values[sex-1.0]" time="0.039" /><testcase classname="backend.tests.test_prediction" name="test_invalid_values[oldpeak--1]" time="0.041" /><testcase classname="backend.tests.test_prediction" name="test_invalid_values[unknown-5]" time="0.041" /><testcase classname="backend.tests.test_prediction" name="test_malformed_or_nonfinite[{]" time="0.041" /><testcase classname="backend.tests.test_prediction" name="test_malformed_or_nonfinite[[]]" time="0.043" /><testcase classname="backend.tests.test_prediction" name="test_malformed_or_nonfinite[null]" time="0.048" /><testcase classname="backend.tests.test_prediction" name="test_malformed_or_nonfinite[{&quot;age&quot;:NaN}]" time="0.085" /><testcase classname="backend.tests.test_prediction" name="test_malformed_or_nonfinite[{&quot;age&quot;:Infinity}]" time="0.034" /><testcase classname="backend.tests.test_prediction" name="test_missing_field" time="0.040" /><testcase classname="backend.tests.test_prediction" name="test_numeric_json_integers" time="0.074" /></testsuite></testsuites>